// Jest Snapshot v1, https://goo.gl/fbAQLP

exports[`Footer renders the footer 1`] = `
<div
  className="footer"
>
  <p>
    Total items: 
    1234
  </p>
</div>
`;
